2026-09-18T22:18:25.368943 WAIT short (7.4150390625, 6.58203125, 5.8935546875)
2026-09-18T22:19:25.374589 WAIT short (5.251953125, 6.12060546875, 5.76708984375)
2026-09-18T22:20:25.385771 WAIT short (14.0302734375, 7.93505859375, 6.43603515625)
2026-09-18T22:21:25.509787 WAIT short (7.6162109375, 7.20166015625, 6.26123046875)
2026-09-18T22:22:25.514607 WAIT short (5.400390625, 6.58544921875, 6.0888671875)
2026-09-18T22:23:25.517949 WAIT short (4.3349609375, 6.078125, 5.93212890625)
2026-09-18T22:24:25.519092 WAIT short (4.271484375, 5.77978515625, 5.83056640625)
2026-09-18T22:25:25.522469 WAIT short (4.34521484375, 5.55224609375, 5.74169921875)
2026-09-18T22:26:25.524283 WAIT short (4.68359375, 5.4208984375, 5.67822265625)
2026-09-18T22:27:25.530363 WAIT short (6.01220703125, 5.63525390625, 5.7373046875)
2026-09-18T22:28:25.533782 WAIT short (6.5986328125, 6.03369140625, 5.888671875)
2026-09-18T22:29:25.539708 WAIT short (4.705078125, 5.59912109375, 5.73388671875)
2026-09-18T22:30:25.541097 WAIT short (7.1162109375, 5.92626953125, 5.8349609375)
2026-09-18T22:31:25.546373 WAIT short (9.43798828125, 6.7060546875, 6.1240234375)
2026-09-18T22:32:25.549039 WAIT short (5.77490234375, 6.12548828125, 5.943359375)
2026-09-18T22:33:25.550890 WAIT short (5.03369140625, 5.8427734375, 5.84716796875)
2026-09-18T22:34:25.554773 WAIT short (6.58251953125, 6.1806640625, 5.97265625)
2026-09-18T22:35:25.560759 WAIT short (7.873046875, 6.54736328125, 6.1171875)
2026-09-18T22:36:25.564326 WAIT short (5.0859375, 6.01416015625, 5.9462890625)
2026-09-18T22:37:25.569156 WAIT short (4.73779296875, 5.76171875, 5.85498046875)
2026-09-18T22:38:25.576862 WAIT short (8.4052734375, 6.5546875, 6.1376953125)
2026-09-18T22:39:25.581603 WAIT short (6.20703125, 6.291015625, 6.06787109375)
2026-09-18T22:40:25.586605 WAIT short (4.02880859375, 5.64501953125, 5.83935546875)
2026-09-18T22:41:25.593051 WAIT short (4.13623046875, 5.3994140625, 5.73388671875)
2026-09-18T22:42:25.598497 WAIT short (5.10302734375, 5.4326171875, 5.72216796875)
2026-09-18T22:43:25.600382 WAIT short (4.2373046875, 5.0869140625, 5.5693359375)
2026-09-18T22:44:25.607261 WAIT short (4.6748046875, 5.06689453125, 5.5283203125)
2026-09-18T22:45:25.612099 WAIT short (5.08447265625, 5.0634765625, 5.49169921875)
2026-09-18T22:46:25.616632 WAIT short (4.75537109375, 5.07763671875, 5.4736328125)
2026-09-18T22:47:25.621766 WAIT short (4.35791015625, 4.89599609375, 5.37646484375)
2026-09-18T22:48:25.624199 WAIT short (4.59521484375, 4.9150390625, 5.3525390625)
2026-09-18T22:49:25.629972 WAIT short (4.37158203125, 4.828125, 5.29052734375)
2026-09-18T22:50:25.635927 WAIT short (4.890625, 4.97265625, 5.31640625)
2026-09-18T22:51:25.637922 WAIT short (5.3857421875, 5.07373046875, 5.3271484375)
2026-09-18T22:52:25.640466 WAIT short (5.1279296875, 5.0078125, 5.28173828125)
2026-09-18T22:53:25.646410 WAIT short (5.12255859375, 5.01904296875, 5.2646484375)
2026-09-18T22:54:25.652873 WAIT short (5.462890625, 5.0625, 5.25830078125)
2026-09-18T22:55:25.658376 WAIT short (5.505859375, 5.11572265625, 5.26171875)
2026-09-18T22:56:25.663928 WAIT short (6.1875, 5.4658203125, 5.38623046875)
2026-09-18T22:57:25.670422 WAIT short (5.08154296875, 5.296875, 5.328125)
2026-09-18T22:58:25.672837 WAIT short (5.9150390625, 5.42529296875, 5.3681640625)
2026-09-18T22:59:25.678930 WAIT short (6.01123046875, 5.51806640625, 5.4033203125)
2026-09-18T23:00:25.685948 WAIT short (6.39111328125, 5.685546875, 5.470703125)
2026-09-18T23:01:25.689570 WAIT short (6.10205078125, 5.83447265625, 5.54638671875)
2026-09-18T23:02:25.692176 WAIT short (5.54248046875, 5.7841796875, 5.54931640625)
2026-09-18T23:03:25.697080 WAIT short (5.4169921875, 5.7958984375, 5.57421875)
2026-09-18T23:04:25.701080 WAIT short (5.18017578125, 5.673828125, 5.5439453125)
2026-09-18T23:05:25.706659 WAIT short (5.3466796875, 5.587890625, 5.5166015625)
2026-09-18T23:06:25.708759 WAIT short (5.361328125, 5.6142578125, 5.53369140625)
2026-09-18T23:07:25.711705 WAIT short (5.70703125, 5.65576171875, 5.55224609375)
2026-09-18T23:08:25.716677 WAIT short (5.4951171875, 5.6328125, 5.55224609375)
2026-09-18T23:09:25.718726 WAIT short (6.63232421875, 5.8662109375, 5.638671875)
2026-09-18T23:10:25.724119 WAIT short (4.80126953125, 5.5625, 5.54345703125)
2026-09-18T23:11:25.727232 WAIT short (5.44677734375, 5.6220703125, 5.56640625)
2026-09-18T23:12:25.733258 WAIT short (4.92041015625, 5.43212890625, 5.49609375)
2026-09-18T23:13:25.736375 WAIT short (5.0908203125, 5.39404296875, 5.47705078125)
2026-09-18T23:14:25.741662 WAIT short (7.90771484375, 6.4951171875, 5.9052734375)
2026-09-18T23:15:25.746312 WAIT short (5.453125, 6.0400390625, 5.7734375)
2026-09-18T23:16:25.749315 WAIT short (4.75146484375, 5.75048828125, 5.6826171875)
2026-09-18T23:17:25.753276 WAIT short (4.52001953125, 5.50537109375, 5.59423828125)
2026-09-18T23:18:25.757964 WAIT short (4.52490234375, 5.3701171875, 5.53759765625)
2026-09-18T23:19:25.764594 WAIT short (6.09521484375, 5.64111328125, 5.62353515625)
2026-09-18T23:20:25.769879 WAIT short (6.63232421875, 5.91259765625, 5.724609375)
2026-09-18T23:21:25.776239 WAIT short (5.361328125, 5.658203125, 5.6396484375)
2026-09-18T23:22:25.780616 WAIT short (5.43017578125, 5.70947265625, 5.6640625)
2026-09-18T23:23:25.784735 WAIT short (4.67138671875, 5.42822265625, 5.56005859375)
2026-09-18T23:24:25.792010 WAIT short (6.69775390625, 5.767578125, 5.66943359375)
2026-09-18T23:25:25.797345 WAIT short (8.25927734375, 6.39697265625, 5.90966796875)
2026-09-18T23:26:25.802998 WAIT short (7.767578125, 6.59619140625, 6.01513671875)
2026-09-18T23:27:25.809460 WAIT short (6.8369140625, 6.60546875, 6.060546875)
2026-09-18T23:28:25.815237 WAIT short (5.92529296875, 6.40087890625, 6.02001953125)
2026-09-18T23:29:25.817941 WAIT short (6.47412109375, 6.4609375, 6.06689453125)
2026-09-18T23:30:25.821588 WAIT short (6.19677734375, 6.3017578125, 6.02783203125)
2026-09-18T23:31:25.825907 WAIT short (8.1513671875, 6.77880859375, 6.21826171875)
2026-09-18T23:32:25.831044 WAIT short (5.89208984375, 6.38818359375, 6.10888671875)
2026-09-18T23:33:25.835840 WAIT short (5.2421875, 6.091796875, 6.013671875)
2026-09-18T23:34:25.841721 WAIT short (4.8466796875, 5.8642578125, 5.9345703125)
2026-09-18T23:35:25.843463 WAIT short (4.6640625, 5.603515625, 5.8291015625)
2026-09-18T23:36:25.847993 WAIT short (6.5185546875, 5.9267578125, 5.9306640625)
2026-09-18T23:37:25.854195 WAIT short (5.00634765625, 5.5908203125, 5.80224609375)
2026-09-18T23:38:25.856002 WAIT short (5.53515625, 5.681640625, 5.82275390625)
2026-09-18T23:39:25.860860 WAIT short (4.5576171875, 5.384765625, 5.70166015625)
2026-09-18T23:40:25.866544 WAIT short (9.44482421875, 6.34033203125, 6.017578125)
2026-09-18T23:41:25.869575 WAIT short (6.419921875, 6.05908203125, 5.93408203125)
2026-09-18T23:42:25.875453 WAIT short (5.6953125, 5.88623046875, 5.87451171875)
2026-09-18T23:43:25.882166 WAIT short (4.89306640625, 5.6279296875, 5.77734375)
2026-09-18T23:44:25.888051 WAIT short (4.64990234375, 5.37060546875, 5.66650390625)
2026-09-18T23:45:25.892669 WAIT short (12.330078125, 7.1142578125, 6.27587890625)
2026-09-18T23:46:25.895330 WAIT short (12.97705078125, 8.3837890625, 6.81201171875)
2026-09-18T23:47:25.900186 WAIT short (7.7314453125, 7.71728515625, 6.6689453125)
2026-09-18T23:48:25.903518 WAIT short (6.54345703125, 7.37255859375, 6.60986328125)
2026-09-18T23:49:25.907887 WAIT short (5.83203125, 7.05126953125, 6.54150390625)
2026-09-18T23:50:25.911787 WAIT short (5.37646484375, 6.63037109375, 6.41259765625)
2026-09-18T23:51:25.916213 WAIT short (4.93994140625, 6.27294921875, 6.29150390625)
2026-09-18T23:52:25.920125 WAIT short (4.20947265625, 5.82470703125, 6.12109375)
2026-09-18T23:53:25.925193 WAIT short (4.16064453125, 5.54296875, 5.99609375)
2026-09-18T23:54:25.929621 WAIT short (4.60791015625, 5.484375, 5.94677734375)
2026-09-18T23:55:25.931534 WAIT short (5.47900390625, 5.4794921875, 5.90576171875)
2026-09-18T23:56:25.934523 WAIT short (4.6484375, 5.26171875, 5.79541015625)
2026-09-18T23:57:25.941627 WAIT short (4.82421875, 5.18408203125, 5.72705078125)
2026-09-18T23:58:25.949869 WAIT short (5.43310546875, 5.2861328125, 5.7265625)
2026-09-18T23:59:25.958627 WAIT short (5.61865234375, 5.3310546875, 5.708984375)
2026-09-19T00:00:25.967214 WAIT short (5.5205078125, 5.38232421875, 5.703125)
2026-09-19T00:01:25.975229 WAIT short (6.150390625, 5.61279296875, 5.76611328125)
2026-09-19T00:02:25.986739 WAIT short (5.32861328125, 5.48291015625, 5.70654296875)
2026-09-19T00:03:25.988924 WAIT short (4.48388671875, 5.2216796875, 5.59228515625)
2026-09-19T00:04:25.997534 WAIT short (3.84765625, 4.9052734375, 5.447265625)
2026-09-19T00:05:26.002304 WAIT short (4.57080078125, 4.89697265625, 5.40283203125)
2026-09-19T00:06:26.013936 WAIT short (4.58349609375, 4.84033203125, 5.3447265625)
2026-09-19T00:07:26.020999 WAIT short (4.2841796875, 4.70068359375, 5.255859375)
2026-09-19T00:08:26.023524 WAIT short (3.9609375, 4.51025390625, 5.1474609375)
2026-09-19T00:09:26.026232 WAIT short (4.2666015625, 4.5029296875, 5.1005859375)
2026-09-19T00:10:26.035663 WAIT short (6.951171875, 5.04541015625, 5.25048828125)
2026-09-19T00:11:26.046048 WAIT short (6.0849609375, 5.16455078125, 5.27978515625)
2026-09-19T00:12:26.057351 WAIT short (4.3203125, 4.826171875, 5.1435546875)
2026-09-19T00:13:26.067317 WAIT short (5.57568359375, 5.1005859375, 5.22216796875)
2026-09-19T00:14:26.071334 WAIT short (6.58740234375, 5.38037109375, 5.310546875)
2026-09-19T00:15:26.073678 WAIT short (4.12890625, 4.87255859375, 5.12255859375)
2026-09-19T00:16:26.076446 WAIT short (3.66796875, 4.60400390625, 5.0029296875)
2026-09-19T00:17:26.077966 WAIT short (3.671875, 4.431640625, 4.90869140625)
2026-09-19T00:18:26.088848 WAIT short (3.83251953125, 4.32421875, 4.8330078125)
