WAIT {'utc': '2026-09-19T09:03:20.241126+00:00', 'load': (5.0048828125, 3.66259765625, 3.76904296875), 'smhasher_pids': [], 'passed': False}
WAIT {'utc': '2026-09-19T09:04:20.266425+00:00', 'load': (4.68505859375, 3.9208984375, 3.86328125), 'smhasher_pids': [], 'passed': False}
2026-09-19T09:05:20.360189+00:00 START 1 chainhash128-v3.512school
DONE 1 chainhash128-v3.512school 61.72159037497477 0
2026-09-19T09:06:22.109680+00:00 START 1 chainhash128-v3.512
DONE 1 chainhash128-v3.512 65.18023470899789 0
2026-09-19T09:07:27.314779+00:00 START 1 chainhash128-v3
DONE 1 chainhash128-v3 65.25201524997829 0
2026-09-19T09:08:32.590606+00:00 START 1 chainhash-128
DONE 1 chainhash-128 59.29347316600615 0
2026-09-19T09:09:31.910523+00:00 START 1 chainhash-v3
DONE 1 chainhash-v3 27.060293500020634 0
2026-09-19T09:09:58.996228+00:00 START 1 XXH3-128
DONE 1 XXH3-128 39.5521152089932 0
2026-09-19T09:10:38.573139+00:00 START 1 rapidhash
DONE 1 rapidhash 32.910650875011925 0
2026-09-19T09:11:11.508332+00:00 START 1 UMASH-128
DONE 1 UMASH-128 62.66957850000472 0
WAIT {'utc': '2026-09-19T09:12:14.185358+00:00', 'load': (4.93505859375, 3.89208984375, 3.7724609375), 'smhasher_pids': [], 'passed': False}
WAIT {'utc': '2026-09-19T09:13:14.214558+00:00', 'load': (6.056640625, 4.37158203125, 3.95751953125), 'smhasher_pids': [], 'passed': False}
2026-09-19T09:14:14.315913+00:00 START 1 komihash
DONE 1 komihash 58.41840937497909 0
2026-09-19T09:15:12.759312+00:00 START 2 chainhash128-v3.512school
DONE 2 chainhash128-v3.512school 61.66867258399725 0
2026-09-19T09:16:14.454087+00:00 START 2 chainhash128-v3.512
DONE 2 chainhash128-v3.512 65.2501760830055 0
2026-09-19T09:17:19.727964+00:00 START 2 chainhash128-v3
DONE 2 chainhash128-v3 65.23301254201215 0
2026-09-19T09:18:24.988606+00:00 START 2 chainhash-128
DONE 2 chainhash-128 59.7125726659724 0
2026-09-19T09:19:24.731936+00:00 START 2 chainhash-v3
DONE 2 chainhash-v3 27.072066958004143 0
2026-09-19T09:19:51.828100+00:00 START 2 XXH3-128
DONE 2 XXH3-128 39.55248495901469 0
2026-09-19T09:20:31.404462+00:00 START 2 rapidhash
DONE 2 rapidhash 33.08917783302604 0
2026-09-19T09:21:04.519524+00:00 START 2 UMASH-128
DONE 2 UMASH-128 62.53939837499638 0
2026-09-19T09:22:07.082777+00:00 START 2 komihash
DONE 2 komihash 58.27961679099826 0
2026-09-19T09:23:05.387602+00:00 START 3 chainhash128-v3.512school
DONE 3 chainhash128-v3.512school 61.78776012497838 0
2026-09-19T09:24:07.199314+00:00 START 3 chainhash128-v3.512
DONE 3 chainhash128-v3.512 65.19535108399577 0
2026-09-19T09:25:12.418968+00:00 START 3 chainhash128-v3
DONE 3 chainhash128-v3 65.21984016700299 0
2026-09-19T09:26:17.664512+00:00 START 3 chainhash-128
DONE 3 chainhash-128 59.45821062498726 0
2026-09-19T09:27:17.148070+00:00 START 3 chainhash-v3
DONE 3 chainhash-v3 27.062893374997657 0
2026-09-19T09:27:44.235564+00:00 START 3 XXH3-128
DONE 3 XXH3-128 39.5805117500131 0
2026-09-19T09:28:23.840300+00:00 START 3 rapidhash
DONE 3 rapidhash 32.96274141702452 0
2026-09-19T09:28:56.828701+00:00 START 3 UMASH-128
DONE 3 UMASH-128 62.876006125006825 0
2026-09-19T09:29:59.729410+00:00 START 3 komihash
DONE 3 komihash 58.24702158299624 0
RUN_SPEED_EXIT=0
